// Jest Snapshot v1, https://goo.gl/fbAQLP

exports[`<Main /> should render the heading 1`] = `
.c0 {
  align-items: center;
  background-color: #06092b;
  color: #fff;
  display: flex;
  flex-direction: column;
  height: 100%;
  justify-content: center;
  padding: 3rem;
  text-align: center;
  width: 100%;
}

<main
  class="c0"
>
  <h1>
    React Avan√ßado
  </h1>
</main>
`;
